2026-05-06 11:56:38,355	INFO worker.py:1821 -- Connecting to existing Ray cluster at address: 192.168.123.4:26379...
2026-05-06 11:56:38,376	INFO worker.py:2007 -- Connected to Ray cluster.
/home/cml/anaconda3/envs/clover_infer/lib/python3.10/site-packages/ray/_private/worker.py:2046: FutureWarning: Tip: In future versions of Ray, Ray will no longer override accelerator visible devices env var if num_gpus=0 or num_gpus=None (default). To enable this behavior and turn off this error message, set RAY_ACCEL_ENV_VAR_OVERRIDE_ON_ZERO=0
  warnings.warn(
[33m(raylet, ip=192.168.123.3)[0m Python patch version mismatch: The cluster was started with:
[33m(raylet, ip=192.168.123.3)[0m     Ray: 2.53.0
[33m(raylet, ip=192.168.123.3)[0m     Python: 3.10.19
[33m(raylet, ip=192.168.123.3)[0m This process on node 192.168.123.3 was started with:
[33m(raylet, ip=192.168.123.3)[0m 
Traceback (most recent call last):
  File "/home/cml/CloverInfer/tests/benchmark_baselines.py", line 722, in <module>
    main()
  File "/home/cml/CloverInfer/tests/benchmark_baselines.py", line 689, in main
    result = run_split_gpu(args, problems)
  File "/home/cml/CloverInfer/tests/benchmark_baselines.py", line 479, in run_split_gpu
    records, wall_time_s = run_serial_requests(problems, _generate)
  File "/home/cml/CloverInfer/tests/benchmark_baselines.py", line 231, in run_serial_requests
    completion, metrics = generate_fn(problem)
  File "/home/cml/CloverInfer/tests/benchmark_baselines.py", line 436, in _generate
    prefill_out = ray.get(prefill.process_prompt.remote(str(problem["prompt"])))
  File "/home/cml/anaconda3/envs/clover_infer/lib/python3.10/site-packages/ray/_private/auto_init_hook.py", line 22, in auto_init_wrapper
    return fn(*args, **kwargs)
  File "/home/cml/anaconda3/envs/clover_infer/lib/python3.10/site-packages/ray/_private/client_mode_hook.py", line 104, in wrapper
    return func(*args, **kwargs)
  File "/home/cml/anaconda3/envs/clover_infer/lib/python3.10/site-packages/ray/_private/worker.py", line 2967, in get
    values, debugger_breakpoint = worker.get_objects(
  File "/home/cml/anaconda3/envs/clover_infer/lib/python3.10/site-packages/ray/_private/worker.py", line 1015, in get_objects
    raise value.as_instanceof_cause()
ray.exceptions.RayTaskError(AcceleratorError): [36mray::PrefillNode.process_prompt()[39m (pid=2232959, ip=192.168.123.4, actor_id=f2c7fdd2f6510fbc0150532205000000, repr=<src.core.nodes.PrefillNode object at 0x7f26793965c0>)
  File "/home/cml/CloverInfer/src/core/nodes.py", line 62, in process_prompt
    prefill_out = self.adapter.prefill(prompt)
  File "/home/cml/CloverInfer/src/core/model_adapter.py", line 175, in prefill
    outputs = self.model(**model_inputs, use_cache=True)
  File "/home/cml/anaconda3/envs/clover_infer/lib/python3.10/site-packages/torch/nn/modules/module.py", line 1775, in _wrapped_call_impl
    return self._call_impl(*args, **kwargs)
  File "/home/cml/anaconda3/envs/clover_infer/lib/python3.10/site-packages/torch/nn/modules/module.py", line 1786, in _call_impl
    return forward_call(*args, **kwargs)
  File "/home/cml/anaconda3/envs/clover_infer/lib/python3.10/site-packages/transformers/utils/generic.py", line 835, in wrapper
    output = func(self, *args, **kwargs)
  File "/home/cml/anaconda3/envs/clover_infer/lib/python3.10/site-packages/transformers/models/opt/modeling_opt.py", line 770, in forward
    outputs: BaseModelOutputWithPast = self.model.decoder(
  File "/home/cml/anaconda3/envs/clover_infer/lib/python3.10/site-packages/torch/nn/modules/module.py", line 1775, in _wrapped_call_impl
    return self._call_impl(*args, **kwargs)
  File "/home/cml/anaconda3/envs/clover_infer/lib/python3.10/site-packages/torch/nn/modules/module.py", line 1786, in _call_impl
    return forward_call(*args, **kwargs)
  File "/home/cml/anaconda3/envs/clover_infer/lib/python3.10/site-packages/transformers/utils/generic.py", line 835, in wrapper
    output = func(self, *args, **kwargs)
  File "/home/cml/anaconda3/envs/clover_infer/lib/python3.10/site-packages/transformers/models/opt/modeling_opt.py", line 610, in forward
    layer_outputs = decoder_layer(
  File "/home/cml/anaconda3/envs/clover_infer/lib/python3.10/site-packages/transformers/modeling_layers.py", line 93, in __call__
    return super().__call__(*args, **kwargs)
  File "/home/cml/anaconda3/envs/clover_infer/lib/python3.10/site-packages/torch/nn/modules/module.py", line 1775, in _wrapped_call_impl
    return self._call_impl(*args, **kwargs)
  File "/home/cml/anaconda3/envs/clover_infer/lib/python3.10/site-packages/torch/nn/modules/module.py", line 1786, in _call_impl
    return forward_call(*args, **kwargs)
  File "/home/cml/anaconda3/envs/clover_infer/lib/python3.10/site-packages/transformers/models/opt/modeling_opt.py", line 246, in forward
    hidden_states = self.self_attn_layer_norm(hidden_states)
  File "/home/cml/anaconda3/envs/clover_infer/lib/python3.10/site-packages/torch/nn/modules/module.py", line 1775, in _wrapped_call_impl
    return self._call_impl(*args, **kwargs)
  File "/home/cml/anaconda3/envs/clover_infer/lib/python3.10/site-packages/torch/nn/modules/module.py", line 1786, in _call_impl
    return forward_call(*args, **kwargs)
  File "/home/cml/anaconda3/envs/clover_infer/lib/python3.10/site-packages/torch/nn/modules/normalization.py", line 229, in forward
    return F.layer_norm(
  File "/home/cml/anaconda3/envs/clover_infer/lib/python3.10/site-packages/torch/nn/functional.py", line 2901, in layer_norm
    return torch.layer_norm(
torch.AcceleratorError: CUDA error: device-side assert triggered
Search for `cudaErrorAssert' in https://docs.nvidia.com/cuda/cuda-runtime-api/group__CUDART__TYPES.html for more information.
CUDA kernel errors might be asynchronously reported at some other API call, so the stacktrace below might be incorrect.
For debugging consider passing CUDA_LAUNCH_BLOCKING=1
Compile with `TORCH_USE_CUDA_DSA` to enable device-side assertions.
[36m(PrefillNode pid=2232959)[0m /pytorch/aten/src/ATen/native/cuda/IndexKernelUtils.cu:16: vectorized_gather_kernel: block: [2534,0,0], thread: [64,0,0] Assertion `ind >=0 && ind < ind_dim_size && "vectorized gather kernel index out of bounds"` failed.
[36m(PrefillNode pid=2232959)[0m /pytorch/aten/src/ATen/native/cuda/IndexKernelUtils.cu:16: vectorized_gather_kernel: block: [2534,0,0], thread: [65,0,0] Assertion `ind >=0 && ind < ind_dim_size && "vectorized gather kernel index out of bounds"` failed.
[36m(PrefillNode pid=2232959)[0m /pytorch/aten/src/ATen/native/cuda/IndexKernelUtils.cu:16: vectorized_gather_kernel: block: [2534,0,0], thread: [66,0,0] Assertion `ind >=0 && ind < ind_dim_size && "vectorized gather kernel index out of bounds"` failed.
[36m(PrefillNode pid=2232959)[0m /pytorch/aten/src/ATen/native/cuda/IndexKernelUtils.cu:16: vectorized_gather_kernel: block: [2534,0,0], thread: [67,0,0] Assertion `ind >=0 && ind < ind_dim_size && "vectorized gather kernel index out of bounds"` failed.
[36m(PrefillNode pid=2232959)[0m /pytorch/aten/src/ATen/native/cuda/IndexKernelUtils.cu:16: vectorized_gather_kernel: block: [2534,0,0], thread: [68,0,0] Assertion `ind >=0 && ind < ind_dim_size && "vectorized gather kernel index out of bounds"` failed.
[36m(PrefillNode pid=2232959)[0m /pytorch/aten/src/ATen/native/cuda/IndexKernelUtils.cu:16: vectorized_gather_kernel: block: [2534,0,0], thread: [69,0,0] Assertion `ind >=0 && ind < ind_dim_size && "vectorized gather kernel index out of bounds"` failed.
[36m(PrefillNode pid=2232959)[0m /pytorch/aten/src/ATen/native/cuda/IndexKernelUtils.cu:16: vectorized_gather_kernel: block: [2534,0,0], thread: [70,0,0] Assertion `ind >=0 && ind < ind_dim_size && "vectorized gather kernel index out of bounds"` failed.
[36m(PrefillNode pid=2232959)[0m /pytorch/aten/src/ATen/native/cuda/IndexKernelUtils.cu:16: vectorized_gather_kernel: block: [2534,0,0], thread: [71,0,0] Assertion `ind >=0 && ind < ind_dim_size && "vectorized gather kernel index out of bounds"` failed.
[36m(PrefillNode pid=2232959)[0m /pytorch/aten/src/ATen/native/cuda/IndexKernelUtils.cu:16: vectorized_gather_kernel: block: [2534,0,0], thread: [72,0,0] Assertion `ind >=0 && ind < ind_dim_size && "vectorized gather kernel index out of bounds"` failed.
[36m(PrefillNode pid=2232959)[0m /pytorch/aten/src/ATen/native/cuda/IndexKernelUtils.cu:16: vectorized_gather_kernel: block: [2534,0,0], thread: [73,0,0] Assertion `ind >=0 && ind < ind_dim_size && "vectorized gather kernel index out of bounds"` failed.
[36m(PrefillNode pid=2232959)[0m /pytorch/aten/src/ATen/native/cuda/IndexKernelUtils.cu:16: vectorized_gather_kernel: block: [2534,0,0], thread: [74,0,0] Assertion `ind >=0 && ind < ind_dim_size && "vectorized gather kernel index out of bounds"` failed.
[36m(PrefillNode pid=2232959)[0m /pytorch/aten/src/ATen/native/cuda/IndexKernelUtils.cu:16: vectorized_gather_kernel: block: [2534,0,0], thread: [75,0,0] Assertion `ind >=0 && ind < ind_dim_size && "vectorized gather kernel index out of bounds"` failed.
[36m(PrefillNode pid=2232959)[0m /pytorch/aten/src/ATen/native/cuda/IndexKernelUtils.cu:16: vectorized_gather_kernel: block: [2534,0,0], thread: [76,0,0] Assertion `ind >=0 && ind < ind_dim_size && "vectorized gather kernel index out of bounds"` failed.
[36m(PrefillNode pid=2232959)[0m /pytorch/aten/src/ATen/native/cuda/IndexKernelUtils.cu:16: vectorized_gather_kernel: block: [2534,0,0], thread: [77,0,0] Assertion `ind >=0 && ind < ind_dim_size && "vectorized gather kernel index out of bounds"` failed.
[36m(PrefillNode pid=2232959)[0m /pytorch/aten/src/ATen/native/cuda/IndexKernelUtils.cu:16: vectorized_gather_kernel: block: [2534,0,0], thread: [78,0,0] Assertion `ind >=0 && ind < ind_dim_size && "vectorized gather kernel index out of bounds"` failed.
[36m(PrefillNode pid=2232959)[0m /pytorch/aten/src/ATen/native/cuda/IndexKernelUtils.cu:16: vectorized_gather_kernel: block: [2534,0,0], thread: [79,0,0] Assertion `ind >=0 && ind < ind_dim_size && "vectorized gather kernel index out of bounds"` failed.
[36m(PrefillNode pid=2232959)[0m /pytorch/aten/src/ATen/native/cuda/IndexKernelUtils.cu:16: vectorized_gather_kernel: block: [2534,0,0], thread: [80,0,0] Assertion `ind >=0 && ind < ind_dim_size && "vectorized gather kernel index out of bounds"` failed.
[36m(PrefillNode pid=2232959)[0m /pytorch/aten/src/ATen/native/cuda/IndexKernelUtils.cu:16: vectorized_gather_kernel: block: [2534,0,0], thread: [81,0,0] Assertion `ind >=0 && ind < ind_dim_size && "vectorized gather kernel index out of bounds"` failed.
[36m(PrefillNode pid=2232959)[0m /pytorch/aten/src/ATen/native/cuda/IndexKernelUtils.cu:16: vectorized_gather_kernel: block: [2534,0,0], thread: [82,0,0] Assertion `ind >=0 && ind < ind_dim_size && "vectorized gather kernel index out of bounds"` failed.
[36m(PrefillNode pid=2232959)[0m /pytorch/aten/src/ATen/native/cuda/IndexKernelUtils.cu:16: vectorized_gather_kernel: block: [2534,0,0], thread: [83,0,0] Assertion `ind >=0 && ind < ind_dim_size && "vectorized gather kernel index out of bounds"` failed.
[36m(PrefillNode pid=2232959)[0m /pytorch/aten/src/ATen/native/cuda/IndexKernelUtils.cu:16: vectorized_gather_kernel: block: [2534,0,0], thread: [84,0,0] Assertion `ind >=0 && ind < ind_dim_size && "vectorized gather kernel index out of bounds"` failed.
[36m(PrefillNode pid=2232959)[0m /pytorch/aten/src/ATen/native/cuda/IndexKernelUtils.cu:16: vectorized_gather_kernel: block: [2534,0,0], thread: [85,0,0] Assertion `ind >=0 && ind < ind_dim_size && "vectorized gather kernel index out of bounds"` failed.
[36m(PrefillNode pid=2232959)[0m /pytorch/aten/src/ATen/native/cuda/IndexKernelUtils.cu:16: vectorized_gather_kernel: block: [2534,0,0], thread: [86,0,0] Assertion `ind >=0 && ind < ind_dim_size && "vectorized gather kernel index out of bounds"` failed.
[36m(PrefillNode pid=2232959)[0m /pytorch/aten/src/ATen/native/cuda/IndexKernelUtils.cu:16: vectorized_gather_kernel: block: [2534,0,0], thread: [87,0,0] Assertion `ind >=0 && ind < ind_dim_size && "vectorized gather kernel index out of bounds"` failed.
[36m(PrefillNode pid=2232959)[0m /pytorch/aten/src/ATen/native/cuda/IndexKernelUtils.cu:16: vectorized_gather_kernel: block: [2534,0,0], thread: [88,0,0] Assertion `ind >=0 && ind < ind_dim_size && "vectorized gather kernel index out of bounds"` failed.
[36m(PrefillNode pid=2232959)[0m /pytorch/aten/src/ATen/native/cuda/IndexKernelUtils.cu:16: vectorized_gather_kernel: block: [2534,0,0], thread: [89,0,0] Assertion `ind >=0 && ind < ind_dim_size && "vectorized gather kernel index out of bounds"` failed.
[36m(PrefillNode pid=2232959)[0m /pytorch/aten/src/ATen/native/cuda/IndexKernelUtils.cu:16: vectorized_gather_kernel: block: [2534,0,0], thread: [90,0,0] Assertion `ind >=0 && ind < ind_dim_size && "vectorized gather kernel index out of bounds"` failed.
[36m(PrefillNode pid=2232959)[0m /pytorch/aten/src/ATen/native/cuda/IndexKernelUtils.cu:16: vectorized_gather_kernel: block: [2534,0,0], thread: [91,0,0] Assertion `ind >=0 && ind < ind_dim_size && "vectorized gather kernel index out of bounds"` failed.
[36m(PrefillNode pid=2232959)[0m /pytorch/aten/src/ATen/native/cuda/IndexKernelUtils.cu:16: vectorized_gather_kernel: block: [2534,0,0], thread: [92,0,0] Assertion `ind >=0 && ind < ind_dim_size && "vectorized gather kernel index out of bounds"` failed.
[36m(PrefillNode pid=2232959)[0m /pytorch/aten/src/ATen/native/cuda/IndexKernelUtils.cu:16: vectorized_gather_kernel: block: [2534,0,0], thread: [93,0,0] Assertion `ind >=0 && ind < ind_dim_size && "vectorized gather kernel index out of bounds"` failed.
[36m(PrefillNode pid=2232959)[0m /pytorch/aten/src/ATen/native/cuda/IndexKernelUtils.cu:16: vectorized_gather_kernel: block: [2534,0,0], thread: [94,0,0] Assertion `ind >=0 && ind < ind_dim_size && "vectorized gather kernel index out of bounds"` failed.
[36m(PrefillNode pid=2232959)[0m /pytorch/aten/src/ATen/native/cuda/IndexKernelUtils.cu:16: vectorized_gather_kernel: block: [2534,0,0], thread: [95,0,0] Assertion `ind >=0 && ind < ind_dim_size && "vectorized gather kernel index out of bounds"` failed.
[33m(raylet, ip=192.168.123.3)[0m     Ray: 2.53.0
[33m(raylet, ip=192.168.123.3)[0m     Python: 3.10.20
